..............                                                           [100%]
14 passed in 0.12s
